[0;32mI (257) esp_image: segment 4: paddr=000d6778 vaddr=40375370 size=1492ch ( 84268) load[0m
ESP-ROM:esp32s3-20210327
Build:Mar 27 2021
rst:0x15 (USB_UART_CHIP_RESET),boot:0x8 (SPI_FAST_FLASH_BOOT)
Saved PC:0x40056f60
SPIWP:0xee
mode:DIO, clock div:1
load:0x3fce3810,len:0x178c
load:0x403c9700,len:0x4
load:0x403c9704,len:0xcb8
load:0x403cc700,len:0x2d98
entry 0x403c9914
[0;32mI (26) boot: ESP-IDF v5.3-dev-1353-gb3f7e2c8a4 2nd stage bootloader[0m
[0;32mI (27) boot: compile time Jan 17 2024 16:55:45[0m
[0;32mI (27) boot: Multicore bootloader[0m
[0;32mI (31) boot: chip revision: v0.1[0m
[0;32mI (35) boot.esp32s3: Boot SPI Speed : 80MHz[0m
[0;32mI (40) boot.esp32s3: SPI Mode       : DIO[0m
[0;32mI (45) boot.esp32s3: SPI Flash Size : 2MB[0m
[0;32mI (49) boot: Enabling RNG early entropy source...[0m
[0;32mI (55) boot: Partition Table:[0m
[0;32mI (58) boot: ## Label            Usage          Type ST Offset   Length[0m
[0;32mI (66) boot:  0 nvs              WiFi data        01 02 00009000 00006000[0m
[0;32mI (73) boot:  1 phy_init         RF data          01 01 0000f000 00001000[0m
[0;32mI (81) boot:  2 factory          factory app      00 00 00010000 00177000[0m
[0;32mI (88) boot: End of partition table[0m
[0;32mI (92) esp_image: segment 0: paddr=00010020 vaddr=3c0a0020 size=29e00h (171520) map[0m
[0;32mI (131) esp_image: segment 1: paddr=00039e28 vaddr=3fc99d00 size=04e78h ( 20088) load[0m
[0;32mI (136) esp_image: segment 2: paddr=0003eca8 vaddr=40374000 size=01370h (  4976) load[0m
[0;32mI (138) esp_image: segment 3: paddr=00040020 vaddr=42000020 size=96750h (616272) map[0m
[0;32mI (256) esp_image: segment 4: paddr=000d6778 vaddr=40375370 size=1492ch ( 84268) load[0m
[0;32mI (275) esp_image: segment 5: paddr=000eb0ac vaddr=600fe000 size=00070h (   112) load[0m
[0;32mI (285) boot: Loaded app from partition at offset 0x10000[0m
[0;32mI (285) boot: Disabling RNG early entropy source...[0m
[0;32mI (296) cpu_start: Multicore app[0m
[0;32mI (306) cpu_start: Pro cpu start user code[0m
[0;32mI (306) cpu_start: cpu freq: 160000000 Hz[0m
[0;32mI (306) cpu_start: Application information:[0m
[0;32mI (309) cpu_start: Project name:     btbm-tally[0m
[0;32mI (314) cpu_start: App version:      b9cc7aa-dirty[0m
[0;32mI (320) cpu_start: Compile time:     Jan 17 2024 18:07:52[0m
[0;32mI (326) cpu_start: ELF file SHA256:  30cdc8d18...[0m
[0;32mI (331) cpu_start: ESP-IDF:          v5.3-dev-1353-gb3f7e2c8a4[0m
[0;32mI (338) cpu_start: Min chip rev:     v0.0[0m
[0;32mI (342) cpu_start: Max chip rev:     v0.99 [0m
[0;32mI (347) cpu_start: Chip rev:         v0.1[0m
[0;32mI (352) heap_init: Initializing. RAM available for dynamic allocation:[0m
[0;32mI (359) heap_init: At 3FCA2C20 len 00046AF0 (282 KiB): RAM[0m
[0;32mI (365) heap_init: At 3FCE9710 len 00005724 (21 KiB): RAM[0m
[0;32mI (371) heap_init: At 3FCF0000 len 00008000 (32 KiB): DRAM[0m
[0;32mI (378) heap_init: At 600FE070 len 00001F78 (7 KiB): RTCRAM[0m
[0;32mI (385) spi_flash: detected chip: generic[0m
[0;32mI (389) spi_flash: flash io: dio[0m
[0;33mW (393) spi_flash: Detected size(4096k) larger than the size in the binary image header(2048k). Using the size in the binary image header.[0m
[0;32mI (406) sleep: Configure to isolate all GPIO pins in sleep state[0m
[0;32mI (413) sleep: Enable automatic switching of GPIO sleep configuration[0m
[0;32mI (420) coexist: coex firmware version: c02915e[0m
[0;32mI (425) coexist: coexist rom version e7ae62f[0m
[0;32mI (430) main_task: Started on CPU0[0m
[0;32mI (440) main_task: Calling app_main()[0m
[0;32mI (440) ESP: [APP] Startup..[0m
[0;32mI (440) ESP: ESP32 ID: 


DC:54:75:D6:0D:18


[0m
[0;32mI (450) ESP: [APP] Free memory: 329864 bytes[0m
[0;32mI (450) ESP: [APP] IDF version: v5.3-dev-1353-gb3f7e2c8a4[0m
[0;32mI (480) ESP: Example configured to do_signal addressable LED![0m
[0;32mI (480) pp: pp rom version: e7ae62f[0m
[0;32mI (480) net80211: net80211 rom version: e7ae62f[0m
I (500) wifi:wifi driver task: 3fcad540, prio:23, stack:6656, core=0
I (510) wifi:wifi firmware version: 33290e7
I (510) wifi:wifi certification version: v7.0
I (510) wifi:config NVS flash: enabled
I (510) wifi:config nano formating: disabled
I (510) wifi:Init data frame dynamic rx buffer num: 32
I (520) wifi:Init static rx mgmt buffer num: 5
I (520) wifi:Init management short buffer num: 32
I (530) wifi:Init dynamic tx buffer num: 32
I (530) wifi:Init static tx FG buffer num: 2
I (540) wifi:Init static rx buffer size: 1600
I (540) wifi:Init static rx buffer num: 10
I (540) wifi:Init dynamic rx buffer num: 32
[0;32mI (550) wifi_init: rx ba win: 6[0m
[0;32mI (550) wifi_init: accept mbox: 6[0m
[0;32mI (560) wifi_init: tcpip mbox: 32[0m
[0;32mI (560) wifi_init: udp mbox: 6[0m
[0;32mI (560) wifi_init: tcp mbox: 6[0m
[0;32mI (570) wifi_init: tcp tx win: 5760[0m
[0;32mI (570) wifi_init: tcp rx win: 5760[0m
[0;32mI (580) wifi_init: tcp mss: 1440[0m
[0;32mI (580) wifi_init: WiFi RX IRAM OP enabled[0m
[0;32mI (640) phy_init: phy_version 620,ec7ec30,Sep  5 2023,13:49:13[0m
I (680) wifi:mode : sta (dc:54:75:d6:0d:18)
I (680) wifi:enable tsf
[0;32mI (680) ESP: wifi_init_sta finished.[0m
I (790) wifi:new:<13,0>, old:<1,0>, ap:<255,255>, sta:<13,0>, prof:1
I (790) wifi:state: init -> auth (b0)
I (1580) wifi:state: auth -> assoc (0)
I (1590) wifi:state: assoc -> run (10)
I (1710) wifi:connected with VideoPP, aid = 3, channel 13, BW20, bssid = 40:3f:8c:c3:65:78
I (1710) wifi:security: WPA3-SAE, phy: bgn, rssi: -62
I (1730) wifi:pm start, type: 1

I (1730) wifi:dp: 1, bi: 102400, li: 3, scale listen interval from 307200 us to 307200 us
I (1730) wifi:set rx beacon pti, rx_bcn_pti: 14, bcn_timeout: 25000, mt_pti: 14, mt_time: 10000
I (1810) wifi:AP's beacon interval = 102400 us, DTIM period = 3
[0;32mI (3240) esp_netif_handlers: sta ip: 10.32.99.106, mask: 255.255.255.0, gw: 10.32.99.1[0m
[0;32mI (3240) ESP: got ip:10.32.99.106[0m
[0;32mI (3240) ESP: connected to ap SSID:VideoPP password:ZelenaParadajka24[0m
[0;32mI (3250) ESP: Other event id:7[0m
[0;31mE (3250) ESP: [APP] loopMQTT not esgablished ....[0m
I (3660) wifi:<ba-add>idx:0 (ifx:0, 40:3f:8c:c3:65:78), tid:5, ssn:5, winSize:64
I (5480) wifi:<ba-add>idx:1 (ifx:0, 40:3f:8c:c3:65:78), tid:0, ssn:0, winSize:64
[0;32mI (5500) ESP: MQTT_EVENT_CONNECTED[0m
[0;32mI (5500) ESP: sent publish successful, msg_id=0[0m
[0;32mI (5510) ESP: MQTT_EVENT_SUBSCRIBED, msg_id=3436[0m
[0;31mE (6250) ESP: [APP] loopBLE not esgablished ....[0m
[0;32mI (15640) ESP: MQTT_EVENT_DATA[0m
TOPIC=/btmqtt/ccu/raw/upstream
[0;32mI (15640) ESP: FF 0A 00 00 81 02 81 00 DD 1A 2B 3C 4D 5E 00 00 [0m
DATA=ï¿½

[0;31mE (36250) ESP: [APP] loopBLE not esgablished ....[0m
[0;31mE (66250) ESP: [APP] loopBLE not esgablished ....[0m
[0;31mE (96250) ESP: [APP] loopBLE not esgablished ....[0m
[0;31mE (126250) ESP: [APP] loopBLE not esgablished ....[0m
[0;31mE (156250) ESP: [APP] loopBLE not esgablished ....[0m
[0;31mE (186250) ESP: [APP] loopBLE not esgablished ....[0m
[0;31mE (216250) ESP: [APP] loopBLE not esgablished ....[0m
[0;31mE (246250) ESP: [APP] loopBLE not esgablished ....[0m
[0;31mE (276250) ESP: [APP] loopBLE not esgablished ....[0m
[0;31mE (306250) ESP: [APP] loopBLE not esgablished ....[0m
[0;31mE (336250) ESP: [APP] loopBLE not esgablished ....[0m
[0;31mE (366250) ESP: [APP] loopBLE not esgablished ....[0m
[0;31mE (396250) ESP: [APP] loopBLE not esgablished ....[0m
[0;31mE (426250) ESP: [APP] loopBLE not esgablished ....[0m
[0;31mE (456250) ESP: [APP] loopBLE not esgablished ....[0m
[0;31mE (486250) ESP: [APP] loopBLE not esgablished ....[0m
[0;31mE (516250) ESP: [APP] loopBLE not esgablished ....[0m
[0;31mE (546250) ESP: [APP] loopBLE not esgablished ....[0m
[0;31mE (576250) ESP: [APP] loopBLE not esgablished ....[0m
[0;31mE (606250) ESP: [APP] loopBLE not esgablished ....[0m
[0;31mE (636250) ESP: [APP] loopBLE not esgablished ....[0m
[0;31mE (666250) ESP: [APP] loopBLE not esgablished ....[0m
[0;31mE (696250) ESP: [APP] loopBLE not esgablished ....[0m
[0;31mE (726250) ESP: [APP] loopBLE not esgablished ....[0m
[0;31mE (756250) ESP: [APP] loopBLE not esgablished ....[0m
[0;31mE (786250) ESP: [APP] loopBLE not esgablished ....[0m
[0;31mE (816250) ESP: [APP] loopBLE not esgablished ....[0m
[0;31mE (846250) ESP: [APP] loopBLE not esgablished ....[0m
[0;31mE (876250) ESP: [APP] loopBLE not esgablished ....[0m
[0;31mE (906250) ESP: [APP] loopBLE not esgablished ....[0m
[0;31mE (936250) ESP: [APP] loopBLE not esgablished ....[0m
[0;31mE (966250) ESP: [APP] loopBLE not esgablished ....[0m
[0;31mE (996250) ESP: [APP] loopBLE not esgablished ....[0m
[0;31mE (1026250) ESP: [APP] loopBLE not esgablished ....[0m
[0;31mE (1056250) ESP: [APP] loopBLE not esgablished ....[0m
[0;31mE (1086250) ESP: [APP] loopBLE not esgablished ....[0m
[0;31mE (1116250) ESP: [APP] loopBLE not esgablished ....[0m
[0;31mE (1146250) ESP: [APP] loopBLE not esgablished ....[0m
[0;31mE (1176250) ESP: [APP] loopBLE not esgablished ....[0m
[0;31mE (1206250) ESP: [APP] loopBLE not esgablished ....[0m
[0;31mE (1236250) ESP: [APP] loopBLE not esgablished ....[0m
[0;31mE (1266250) ESP: [APP] loopBLE not esgablished ....[0m
[0;31mE (1296250) ESP: [APP] loopBLE not esgablished ....[0m
[0;31mE (1326250) ESP: [APP] loopBLE not esgablished ....[0m
[0;31mE (1356250) ESP: [APP] loopBLE not esgablished ....[0m
[0;32mI (1370420) ESP: MQTT_EVENT_DATA[0m
TOPIC=/btmqtt/ccu/raw/upstream
[0;32mI (1370420) ESP: FF 0A 00 00 81 02 81 00 DD 1A 2B 3C 4D 5E 00 00 [0m
DATA=ï¿½

